// Jest Snapshot v1, https://goo.gl/fbAQLP

exports[`App component renders App 1`] = `
<DocumentFragment>
  <div
    class="header"
  >
    <button>
      Toggle
    </button>
  </div>
  <nav
    class="navLinks"
  >
    <li
      class="link"
    >
      <a
        href="/"
      >
         All Villagers 
      </a>
    </li>
    <li
      class="link"
    >
      <a
        href="/details"
      >
         Villager Details 
      </a>
    </li>
  </nav>
  <div>
    AllVillagersPage
  </div>
</DocumentFragment>
`;
